// Jest Snapshot v1, https://jestjs.io/docs/snapshot-testing

exports[`CounterButtons snapshot test matches snapshot 1`] = `
<DocumentFragment>
  <div
    class="btnGroup"
  >
    <button
      class="btnDec"
    >
      Decrement
    </button>
    <button
      class="btnReset"
    >
      Reset
    </button>
    <button
      class="btnInc"
    >
      Increment
    </button>
  </div>
</DocumentFragment>
`;
